This is pdfTeX, Version 3.141592653-2.6-1.40.27 (TeX Live 2026/dev/Arch Linux) (preloaded format=pdflatex 2025.4.18)  14 OCT 2025 15:10
entering extended mode
 restricted \write18 enabled.
 %&-line parsing enabled.
**gyakanyag.tex
(./gyakanyag.tex
LaTeX2e <2024-11-01> patch level 2
L3 programming layer <2025-01-18>
(/usr/share/texmf-dist/tex/latex/base/article.cls
Document Class: article 2024/06/29 v1.4n Standard LaTeX document class
(/usr/share/texmf-dist/tex/latex/base/size12.clo
File: size12.clo 2024/06/29 v1.4n Standard LaTeX file (size option)
)
\c@part=\count196
\c@section=\count197
\c@subsection=\count198
\c@subsubsection=\count199
\c@paragraph=\count266
\c@subparagraph=\count267
\c@figure=\count268
\c@table=\count269
\abovecaptionskip=\skip49
\belowcaptionskip=\skip50
\bibindent=\dimen141
)
(/usr/share/texmf-dist/tex/generic/babel/babel.sty
Package: babel 2025/02/14 v25.4 The multilingual framework for pdfLaTeX, LuaLaT
eX and XeLaTeX
\babel@savecnt=\count270
\U@D=\dimen142
\l@unhyphenated=\language32

(/usr/share/texmf-dist/tex/generic/babel/txtbabel.def)
\bbl@readstream=\read2
\bbl@dirlevel=\count271

(/usr/share/texmf-dist/tex/generic/babel-hungarian/magyar.ldf
Language: magyar 2019/01/14 v1.5c Magyar (Hungarian) support for babel
Package babel Info: Making ` an active character on input line 2819.
\c@footnote@add=\count272
\c@footnote@ch=\count273
)
(/usr/share/texmf-dist/tex/generic/babel-english/english.ldf
Language: english 2017/06/06 v3.3r English support from the babel system
Package babel Info: Hyphen rules for 'british' set to \l@english
(babel)             (\language0). Reported on input line 82.
Package babel Info: Hyphen rules for 'UKenglish' set to \l@english
(babel)             (\language0). Reported on input line 83.
Package babel Info: Hyphen rules for 'canadian' set to \l@english
(babel)             (\language0). Reported on input line 102.
Package babel Info: Hyphen rules for 'australian' set to \l@english
(babel)             (\language0). Reported on input line 105.
Package babel Info: Hyphen rules for 'newzealand' set to \l@english
(babel)             (\language0). Reported on input line 108.
))
(/usr/share/texmf-dist/tex/generic/babel/locale/en/babel-english.tex
Package babel Info: Importing font and identification data for english
(babel)             from babel-en.ini. Reported on input line 11.
)
(/usr/share/texmf-dist/tex/generic/babel/locale/hu/babel-magyar.tex
Package babel Info: Importing font and identification data for magyar
(babel)             from babel-hu.ini. Reported on input line 11.
)
(/usr/share/texmf-dist/tex/latex/amsmath/amsmath.sty
Package: amsmath 2024/11/05 v2.17t AMS math features
\@mathmargin=\skip51

For additional information on amsmath, use the `?' option.
(/usr/share/texmf-dist/tex/latex/amsmath/amstext.sty
Package: amstext 2021/08/26 v2.01 AMS text

(/usr/share/texmf-dist/tex/latex/amsmath/amsgen.sty
File: amsgen.sty 1999/11/30 v2.0 generic functions
\@emptytoks=\toks17
\ex@=\dimen143
))
(/usr/share/texmf-dist/tex/latex/amsmath/amsbsy.sty
Package: amsbsy 1999/11/29 v1.2d Bold Symbols
\pmbraise@=\dimen144
)
(/usr/share/texmf-dist/tex/latex/amsmath/amsopn.sty
Package: amsopn 2022/04/08 v2.04 operator names
)
\inf@bad=\count274
LaTeX Info: Redefining \frac on input line 233.
\uproot@=\count275
\leftroot@=\count276
LaTeX Info: Redefining \overline on input line 398.
LaTeX Info: Redefining \colon on input line 409.
\classnum@=\count277
\DOTSCASE@=\count278
LaTeX Info: Redefining \ldots on input line 495.
LaTeX Info: Redefining \dots on input line 498.
LaTeX Info: Redefining \cdots on input line 619.
\Mathstrutbox@=\box52
\strutbox@=\box53
LaTeX Info: Redefining \big on input line 721.
LaTeX Info: Redefining \Big on input line 722.
LaTeX Info: Redefining \bigg on input line 723.
LaTeX Info: Redefining \Bigg on input line 724.
\big@size=\dimen145
LaTeX Font Info:    Redeclaring font encoding OML on input line 742.
LaTeX Font Info:    Redeclaring font encoding OMS on input line 743.
\macc@depth=\count279
LaTeX Info: Redefining \bmod on input line 904.
LaTeX Info: Redefining \pmod on input line 909.
LaTeX Info: Redefining \smash on input line 939.
LaTeX Info: Redefining \relbar on input line 969.
LaTeX Info: Redefining \Relbar on input line 970.
\c@MaxMatrixCols=\count280
\dotsspace@=\muskip17
\c@parentequation=\count281
\dspbrk@lvl=\count282
\tag@help=\toks18
\row@=\count283
\column@=\count284
\maxfields@=\count285
\andhelp@=\toks19
\eqnshift@=\dimen146
\alignsep@=\dimen147
\tagshift@=\dimen148
\tagwidth@=\dimen149
\totwidth@=\dimen150
\lineht@=\dimen151
\@envbody=\toks20
\multlinegap=\skip52
\multlinetaggap=\skip53
\mathdisplay@stack=\toks21
LaTeX Info: Redefining \[ on input line 2953.
LaTeX Info: Redefining \] on input line 2954.
)
(/usr/share/texmf-dist/tex/latex/amsfonts/amssymb.sty
Package: amssymb 2013/01/14 v3.01 AMS font symbols

(/usr/share/texmf-dist/tex/latex/amsfonts/amsfonts.sty
Package: amsfonts 2013/01/14 v3.01 Basic AMSFonts support
\symAMSa=\mathgroup4
\symAMSb=\mathgroup5
LaTeX Font Info:    Redeclaring math symbol \hbar on input line 98.
LaTeX Font Info:    Overwriting math alphabet `\mathfrak' in version `bold'
(Font)                  U/euf/m/n --> U/euf/b/n on input line 106.
))
(/usr/share/texmf-dist/tex/latex/cancel/cancel.sty
Package: cancel 2013/04/12 v2.2 Cancel math terms
)
(/usr/share/texmf-dist/tex/latex/base/inputenc.sty
Package: inputenc 2024/02/08 v1.3d Input encoding file
\inpenc@prehook=\toks22
\inpenc@posthook=\toks23
)
(/usr/share/texmf-dist/tex/latex/base/latexsym.sty
Package: latexsym 1998/08/17 v2.2e Standard LaTeX package (lasy symbols)
\symlasy=\mathgroup6
LaTeX Font Info:    Overwriting symbol font `lasy' in version `bold'
(Font)                  U/lasy/m/n --> U/lasy/b/n on input line 52.
)
(/usr/share/texmf-dist/tex/latex/multirow/multirow.sty
Package: multirow 2024/11/12 v2.9 Span multiple rows of a table
\multirow@colwidth=\skip54
\multirow@cntb=\count286
\multirow@dima=\skip55
\bigstrutjot=\dimen152
)
(/usr/share/texmf-dist/tex/latex/datenumber/datenumber.sty
Package: datenumber 2022/01/27v0.03

(/usr/share/texmf-dist/tex/latex/datenumber/datenumberUSenglish.ldf
File: datenumberUSenglish.ldf 
)
\c@@dayscnt=\count287
\c@@startyear=\count288
\c@datenumber=\count289
\c@dateyear=\count290
\c@datemonth=\count291
\c@dateday=\count292
\c@datedayname=\count293
\@nom=\count294
\@den=\count295
)
(/usr/share/texmf-dist/tex/latex/graphics/graphicx.sty
Package: graphicx 2021/09/16 v1.2d Enhanced LaTeX Graphics (DPC,SPQR)

(/usr/share/texmf-dist/tex/latex/graphics/keyval.sty
Package: keyval 2022/05/29 v1.15 key=value parser (DPC)
\KV@toks@=\toks24
)
(/usr/share/texmf-dist/tex/latex/graphics/graphics.sty
Package: graphics 2024/08/06 v1.4g Standard LaTeX Graphics (DPC,SPQR)

(/usr/share/texmf-dist/tex/latex/graphics/trig.sty
Package: trig 2023/12/02 v1.11 sin cos tan (DPC)
)
(/usr/share/texmf-dist/tex/latex/graphics-cfg/graphics.cfg
File: graphics.cfg 2016/06/04 v1.11 sample graphics configuration
)
Package graphics Info: Driver file: pdftex.def on input line 106.

(/usr/share/texmf-dist/tex/latex/graphics-def/pdftex.def
File: pdftex.def 2024/04/13 v1.2c Graphics/color driver for pdftex
))
\Gin@req@height=\dimen153
\Gin@req@width=\dimen154
)
(/usr/share/texmf-dist/tex/latex/geometry/geometry.sty
Package: geometry 2020/01/02 v5.9 Page Geometry

(/usr/share/texmf-dist/tex/generic/iftex/ifvtex.sty
Package: ifvtex 2019/10/25 v1.7 ifvtex legacy package. Use iftex instead.

(/usr/share/texmf-dist/tex/generic/iftex/iftex.sty
Package: iftex 2024/12/12 v1.0g TeX engine tests
))
\Gm@cnth=\count296
\Gm@cntv=\count297
\c@Gm@tempcnt=\count298
\Gm@bindingoffset=\dimen155
\Gm@wd@mp=\dimen156
\Gm@odd@mp=\dimen157
\Gm@even@mp=\dimen158
\Gm@layoutwidth=\dimen159
\Gm@layoutheight=\dimen160
\Gm@layouthoffset=\dimen161
\Gm@layoutvoffset=\dimen162
\Gm@dimlist=\toks25
)
(/usr/share/texmf-dist/tex/latex/l3backend/l3backend-pdftex.def
File: l3backend-pdftex.def 2024-05-08 L3 backend support: PDF output (pdfTeX)
\l__color_backend_stack_int=\count299
\l__pdf_internal_box=\box54
)
(./gyakanyag.aux)
\openout1 = `gyakanyag.aux'.

LaTeX Font Info:    Checking defaults for OML/cmm/m/it on input line 19.
LaTeX Font Info:    ... okay on input line 19.
LaTeX Font Info:    Checking defaults for OMS/cmsy/m/n on input line 19.
LaTeX Font Info:    ... okay on input line 19.
LaTeX Font Info:    Checking defaults for OT1/cmr/m/n on input line 19.
LaTeX Font Info:    ... okay on input line 19.
LaTeX Font Info:    Checking defaults for T1/cmr/m/n on input line 19.
LaTeX Font Info:    ... okay on input line 19.
LaTeX Font Info:    Checking defaults for TS1/cmr/m/n on input line 19.
LaTeX Font Info:    ... okay on input line 19.
LaTeX Font Info:    Checking defaults for OMX/cmex/m/n on input line 19.
LaTeX Font Info:    ... okay on input line 19.
LaTeX Font Info:    Checking defaults for U/cmr/m/n on input line 19.
LaTeX Font Info:    ... okay on input line 19.


LaTeX Warning: Please use \usepackage{t1enc} with
               \usepackage[magyar]{babel}, to get accented chars hyphenated.

(/usr/share/texmf-dist/tex/context/base/mkii/supp-pdf.mkii
[Loading MPS to PDF converter (version 2006.09.02).]
\scratchcounter=\count300
\scratchdimen=\dimen163
\scratchbox=\box55
\nofMPsegments=\count301
\nofMParguments=\count302
\everyMPshowfont=\toks26
\MPscratchCnt=\count303
\MPscratchDim=\dimen164
\MPnumerator=\count304
\makeMPintoPDFobject=\count305
\everyMPtoPDFconversion=\toks27
) (/usr/share/texmf-dist/tex/latex/epstopdf-pkg/epstopdf-base.sty
Package: epstopdf-base 2020-01-24 v2.11 Base part for package epstopdf
Package epstopdf-base Info: Redefining graphics rule for `.eps' on input line 4
85.

(/usr/share/texmf-dist/tex/latex/latexconfig/epstopdf-sys.cfg
File: epstopdf-sys.cfg 2010/07/13 v1.3 Configuration of (r)epstopdf for TeX Liv
e
))
*geometry* driver: auto-detecting
*geometry* detected driver: pdftex
*geometry* verbose mode - [ preamble ] result:
* driver: pdftex
* paper: a4paper
* layout: <same size as paper>
* layoutoffset:(h,v)=(0.0pt,0.0pt)
* modes: 
* h-part:(L,W,R)=(56.9055pt, 483.69687pt, 56.9055pt)
* v-part:(T,H,B)=(28.45274pt, 773.91498pt, 42.67912pt)
* \paperwidth=597.50787pt
* \paperheight=845.04684pt
* \textwidth=483.69687pt
* \textheight=773.91498pt
* \oddsidemargin=-15.36449pt
* \evensidemargin=-15.36449pt
* \topmargin=-80.81725pt
* \headheight=12.0pt
* \headsep=25.0pt
* \topskip=12.0pt
* \footskip=30.0pt
* \marginparwidth=35.0pt
* \marginparsep=10.0pt
* \columnsep=10.0pt
* \skip\footins=10.8pt plus 4.0pt minus 2.0pt
* \hoffset=0.0pt
* \voffset=0.0pt
* \mag=1000
* \@twocolumnfalse
* \@twosidefalse
* \@mparswitchfalse
* \@reversemarginfalse
* (1in=72.27pt=25.4mm, 1cm=28.453pt)

(/usr/share/texmf-dist/tex/latex/base/article.cls
LaTeX Info: Redefining \cal on input line 497.
LaTeX Info: Redefining \mit on input line 498.
)
LaTeX Font Info:    Trying to load font information for U+msa on input line 20.


(/usr/share/texmf-dist/tex/latex/amsfonts/umsa.fd
File: umsa.fd 2013/01/14 v3.01 AMS symbols A
)
LaTeX Font Info:    Trying to load font information for U+msb on input line 20.


(/usr/share/texmf-dist/tex/latex/amsfonts/umsb.fd
File: umsb.fd 2013/01/14 v3.01 AMS symbols B
)
LaTeX Font Info:    Trying to load font information for U+lasy on input line 20
.

(/usr/share/texmf-dist/tex/latex/base/ulasy.fd
File: ulasy.fd 1998/08/17 v2.2e LaTeX symbol font definitions
) (./gyakanyag.toc

[1


{/var/lib/texmf/fonts/map/pdftex/updmap/pdftex.map}]
Overfull \hbox (4.2148pt too wide) in paragraph at lines 112--112
 [][] []\OT1/cmr/m/n/12 Egydimenzi^^Sos hasznoss^^Sag f^^?uggv^^Senyek el}o^^Sa
ll^^S^^Pt^^Sasa - bi-zonyoss^^Sagi egyen^^Sert^^Sekes m^^Sodszer []  
 []

)
\tf@toc=\write3
\openout3 = `gyakanyag.toc'.


Overfull \hbox (27.42282pt too wide) in paragraph at lines 40--41
\OT1/cmr/m/n/12 egy alapt}ok^^Sevel, amely ele-gend}o t^^?obb lehets^^Seges lak
^^Sas (al-ter-nat^^S^^Pv^^Sak) k^^?oz^^?ul egy lak^^Sas megv^^Sas^^Sarl^^Sas^^S
ahoz.
 []


Overfull \hbox (7.2522pt too wide) in paragraph at lines 40--41
\OT1/cmr/m/n/12 piac, koc-sma, sz^^Sorakoz^^Sohely), parkol^^Sasi, bi-cik-lit^^
Sarol^^Sasi, megk^^?ozel^^S^^Pthet}os^^Segi lehet}os^^Segek, a lak^^Sasb^^Sol
 []



[2]
Overfull \hbox (0.48041pt too wide) in paragraph at lines 55--56
 \OT1/cmr/bx/n/12 Al-ter-nat^^S^^Pv^^Sak:[] \OT1/cmr/m/n/12 egy d^^?ont^^Sesi s
z-itu^^Saci^^So lehets^^Seges megold^^Sasa, lehets^^Seges cse-lekv^^Sesek. Ezek
 struk-
 []


Overfull \hbox (1.23224pt too wide) in paragraph at lines 57--58
 \OT1/cmr/bx/n/12 Krit^^Seriumok:[] \OT1/cmr/m/n/12 az al-ter-nat^^S^^Pv^^Sak a
zon jellemz}oi, ame-lyeket fi-gyelembe sz-eretn^^Senk venni a d^^?ont^^Sesi
 []



[3{/usr/share/texmf-dist/fonts/enc/dvips/cm-super/cm-super-ts1.enc}]
Overfull \hbox (6.79526pt too wide) in paragraph at lines 72--73
[]\OT1/cmr/m/n/12 az es-etek d^^?ont}o t^^?obbs^^Seg^^Seben neh^^Sez (s}ot lehe
tetlen) a d^^?ont^^Sesi probl^^Sem^^Sat egyetlen c^^Self^^?uggv^^Seny
 []


Overfull \hbox (19.02638pt too wide) in paragraph at lines 75--76
  \OT1/cmr/bx/n/12 Egy p^^Selda fe-la-dat: [] \OT1/cmr/m/n/12 T^^?obbf^^Sele te
rm^^Sek el}o^^Sall^^S^^Pt^^Sas^^Sanak men-nyis^^Seg^^Ser}ol kell d^^?onten^^?un
k. D^^?ont^^Ses^^?unket
 []


Overfull \hbox (46.09207pt too wide) in paragraph at lines 75--76
\OT1/cmr/m/n/12 els}osorban a korl^^Satozottan ren-delkez^^Ses^^?unkre ^^Sall^^
So er}oforr^^Sasok (nyersanyag-, munkaer}o- ^^Ses k^^?olts^^Segkorl^^Satok),
 []


Overfull \hbox (13.19241pt too wide) in paragraph at lines 83--84
\OT1/cmr/m/n/12 az al-ter-nat^^S^^Pv^^Sat (megold^^Sast) v^^Salasztjuk, ami ehh
ez a legk^^?ozelebb van (mi a t^^Savols^^Sagf^^?uggv^^Seny?) 
 []



[4]
Overfull \hbox (12.03502pt too wide) in paragraph at lines 103--104
\OT1/cmr/m/n/12 C^^Selja a d^^?ont^^Sesi folya-mat au-tom-a-tiz^^Sal^^Sasa, d^^
?ont^^Sesi fe-la-dat megold^^Sas^^Sanak a seg^^S^^Pt^^Sese. Hagyom^^Sanyosan
 []


Overfull \hbox (27.31866pt too wide) in paragraph at lines 109--110
[]\OT1/cmr/m/n/12 Kooperat^^S^^Pv DSS: a d^^?ont^^Sesi folya-mat k^^?ozben is l
ehet}os^^Seg van az egyes param^^Seterek m^^Sodos^^S^^Pt^^Sas^^Sara,
 []



[5]
Overfull \hbox (11.2341pt too wide) in paragraph at lines 147--148
\OT1/cmr/m/n/12 krit^^Seriumaink k^^?oz^^?ul el-hag-yni azokat, ame-lyek kev^^S
esb^^Se fontos szem-pon-tok, ^^S^^Pgy v^^Seg^^?ul a vizsg^^Salataink
 []



[6]
Overfull \hbox (8.44492pt too wide) in paragraph at lines 189--189
[]\OT1/cmr/bx/n/17.28 Elemi d^^?ont^^Sesi m^^Sodszerek (de-ter-min-isztikus mod
-ellekre) 
 []



[7]
Overfull \hbox (1.85187pt too wide) in paragraph at lines 200--201
 \OT1/cmr/bx/n/12 Szub-jekt^^S^^Pv ^^Sert^^Sekel^^Sesek sz^^Samszer}us^^S^^Pt^^
Sese:[] \OT1/cmr/m/n/12 Ezt majd r^^Seszletesen fogjuk vizsg^^Salni az ^^Sert^^
Sekel}o-
 []



[8]
Overfull \hbox (2.16058pt too wide) in paragraph at lines 267--268
\OT1/cmr/m/n/12 es-et-ben a leg-fontosabb c^^Sel sz-erint k^^Set al-ter-nat^^S^
^Pva marad, de a lak^^Sas ^^Sara alapj^^San m^^Sar egy^^Sertelm}uen
 []


Overfull \hbox (0.18932pt too wide) in paragraph at lines 290--298
\OT1/cmr/m/n/12 d^^?ont^^Seshoz^^So. Ezek alapj^^San kisz^^Samoljuk az egyes al
-ter-nat^^S^^Pv^^Sakhoz kapc-sol^^Sod^^So s^^Sulyozott ^^?osszegeket.
 []


Overfull \hbox (14.88416pt too wide) in paragraph at lines 302--303
[]\OT1/cmr/m/n/12 A sk^^Sal^^Sak meghat^^Saroz^^Sas^^Sanak neh^^Sezs^^Seg^^Sere
 ^^Ses az egyes krit^^Seriumok ^^Sert^^Sekeinek becsl^^Ses^^Sere megold^^Sas:
 []



[9]
Overfull \hbox (4.11618pt too wide) in paragraph at lines 340--341
\OT1/cmr/m/n/10.95 v^^Seges sok oszt^^Salyba sorol-hat^^Soak. En-nek a k^^?ovet
kezm^^Senye, hogy a term^^Seszetes sz^^Samokat fel-haszn^^Salhatjuk
 []



[10]

[11]

[12]
Overfull \hbox (1.96107pt too wide) in paragraph at lines 495--496
 \OT1/cmr/bx/n/12 K^^?olcs^^?on^^?os pref-er-en-cia f^^?uggetlens^^Seg: [] \OT1
/cmr/m/n/10.95 ez az el}oz}o defin^^S^^Pci^^Soval szem-ben a tel-jes t^^Senyez}
ohalmazra
 []


Overfull \hbox (10.45471pt too wide) in paragraph at lines 534--535
\OT1/cmr/m/n/10.95 mert azok-ban az es-etek-ben ez \OT1/cmr/bx/n/10.95 p^^Saron
k^^Sent tel-jes^^S^^Pti az egyszer}us^^S^^Pt^^Sesi felt^^Setelt, ami pedig gara
nt^^Salja
 []



[13]

[14]
Overfull \hbox (29.2324pt too wide) in paragraph at lines 605--606
[]\OT1/cmr/m/n/10.95 A mul-ti-p-likat^^S^^Pv alak l^^Setez^^Ses^^Sehez (kett}on
^^Sel nagy-obb di-menzi^^Sos es-et-ben) a k^^?olcs^^?on^^?os pref-er-en-ciaf^^?
uggetlens^^Seg
 []



[15]
Overfull \hbox (21.72969pt too wide) in paragraph at lines 653--654
[]\OT1/cmr/m/n/10.95 K^^?olcs^^?on^^?os gyenge dif-fer-en-ciaf^^?uggetlens^^Seg
 ^^Ses krit^^Seriump^^Sarokra n^^Sezve k^^?olcs^^?on^^?os pref-er-en-ciaf^^?ugg
etlens^^Seg
 []



[16]
Package epstopdf Info: Source file: <valuesample.eps>
(epstopdf)                    date: 2021-11-26 07:28:44
(epstopdf)                    size: 23959 bytes
(epstopdf)             Output file: <valuesample-eps-converted-to.pdf>
(epstopdf)                    date: 2021-11-26 07:28:44
(epstopdf)                    size: 10033 bytes
(epstopdf)             Command: <repstopdf --outfile=valuesample-eps-converted-
to.pdf valuesample.eps>
(epstopdf)             \includegraphics on input line 694.
Package epstopdf Info: Output file is already uptodate.
<valuesample-eps-converted-to.pdf, id=72, 225.84375pt x 178.6675pt>
File: valuesample-eps-converted-to.pdf Graphic file (type pdf)
<use valuesample-eps-converted-to.pdf>
Package pdftex.def Info: valuesample-eps-converted-to.pdf  used on input line 6
94.
(pdftex.def)             Requested size: 158.08954pt x 125.06639pt.

Overfull \hbox (10.2529pt too wide) in paragraph at lines 700--700
[]\OT1/cmr/bx/n/17.28 D^^?ont^^Ses bi-zony-ta-lans^^Sag mel-let (sz-tochasztiku
s mod-ellek) 
 []


Overfull \hbox (8.25165pt too wide) in paragraph at lines 704--714
\OT1/cmr/m/n/10.95 cesszi^^Soval. A r^^Seszv^^Seny portf^^Soli^^Sot nem r^^Sesz
letezz^^?uk, an-nyit tudunk, hogy his-toriku-san ma-gas ^^Sert^^Sekelts^^Segen
 []

<PolymarketUSARecession2025-10-14.png, id=73, 1334.9875pt x 659.46375pt>
File: PolymarketUSARecession2025-10-14.png Graphic file (type png)
<use PolymarketUSARecession2025-10-14.png>
Package pdftex.def Info: PolymarketUSARecession2025-10-14.png  used on input li
ne 735.
(pdftex.def)             Requested size: 400.49934pt x 197.84064pt.


[17 <./valuesample-eps-converted-to.pdf>]
Overfull \hbox (10.08499pt too wide) in paragraph at lines 771--774
[]\OT1/cmr/m/n/10.95 De p^^Senz^^Sert^^Sek alapj^^San ezen enyh^^S^^Pteni szok-
tak $\OMS/cmsy/m/n/10.95 !$ \OT1/cmr/m/n/10.95 op-ti-miz-mus egy^^?utthat^^So: 
\OT1/cmr/m/it/10.95 Hurwick-f^^Sele $\OML/cmm/m/it/10.95 $\OT1/cmr/m/n/10.95 ,
 a d^^?ont^^Seshoz^^So
 []



[18 <./PolymarketUSARecession2025-10-14.png>]
Overfull \hbox (6.73201pt too wide) in paragraph at lines 790--794
\OT1/cmr/m/n/10.95 delkez^^Ses^^?unkre ^^Sall^^So in-form^^Saci^^So: a becs^^?u
lt v^^Sarhat^^So p^^Senz^^Sert^^Sek ^^Ses a becs^^?ult val^^Sosz^^S^^Pn}us^^Seg
ek. Al-ter-nat^^S^^Pv^^Sank^^Sent
 []



[19]

[20]
Package epstopdf Info: Source file: <dectree01.eps>
(epstopdf)                    date: 2021-11-26 07:28:44
(epstopdf)                    size: 158419 bytes
(epstopdf)             Output file: <dectree01-eps-converted-to.pdf>
(epstopdf)                    date: 2021-11-26 07:28:44
(epstopdf)                    size: 68105 bytes
(epstopdf)             Command: <repstopdf --outfile=dectree01-eps-converted-to
.pdf dectree01.eps>
(epstopdf)             \includegraphics on input line 912.
Package epstopdf Info: Output file is already uptodate.
<dectree01-eps-converted-to.pdf, id=94, 630.355pt x 654.445pt>
File: dectree01-eps-converted-to.pdf Graphic file (type pdf)
<use dectree01-eps-converted-to.pdf>
Package pdftex.def Info: dectree01-eps-converted-to.pdf  used on input line 912
.
(pdftex.def)             Requested size: 441.24548pt x 458.10838pt.


[21 <./dectree01-eps-converted-to.pdf>]
Package epstopdf Info: Source file: <dectree06.eps>
(epstopdf)                    date: 2025-10-14 15:10:26
(epstopdf)                    size: 187043 bytes
(epstopdf)             Output file: <dectree06-eps-converted-to.pdf>
(epstopdf)             Command: <repstopdf --outfile=dectree06-eps-converted-to
.pdf dectree06.eps>
(epstopdf)             \includegraphics on input line 941.
runsystem(repstopdf --outfile=dectree06-eps-converted-to.pdf dectree06.eps)...e
xecuted safely (allowed).

Package epstopdf Info: Result file: <dectree06-eps-converted-to.pdf>
(epstopdf)                    date: 2025-10-14 15:10:49
(epstopdf)                    size: 80116 bytes.
<dectree06-eps-converted-to.pdf, id=101, 744.7825pt x 613.29124pt>
File: dectree06-eps-converted-to.pdf Graphic file (type pdf)
<use dectree06-eps-converted-to.pdf>
Package pdftex.def Info: dectree06-eps-converted-to.pdf  used on input line 941
.
(pdftex.def)             Requested size: 521.3442pt x 429.30093pt.

Overfull \hbox (37.64732pt too wide) in paragraph at lines 941--942
 [] 
 []


Overfull \hbox (5.04689pt too wide) in paragraph at lines 945--945
[]\OT1/cmr/bx/n/17.28 Multi-attribute util-ity the-ory --- Hasznoss^^Sag f^^?ug
gv^^Seny 
 []


Overfull \hbox (3.21378pt too wide) in paragraph at lines 948--949
\OT1/cmr/m/n/10.95 min-den d^^?ont^^Seshoz^^So megpr^^Sob^^Sal op-ti-maliz^^Sal
ni egy olyan f^^?uggv^^Senyt, amely ag-greg^^Salja az ^^?osszes v^^Selem^^Seny^
^Set
 []



[22 <./dectree06-eps-converted-to.pdf>]

[23]

[24]
Overfull \hbox (9.26938pt too wide) in paragraph at lines 1116--1117
 \OT1/cmr/bx/n/12 A felt^^Setelekb}ol megkon-stru^^Salhat^^So a hasznoss^^Sagf^
^?uggv^^Seny: [] \OT1/cmr/m/n/10.95 Az els}o felt^^Setelnek k^^?osz^^?onhet}oen

 []



[25]
Overfull \hbox (11.30821pt too wide) in paragraph at lines 1161--1162
[]\OT1/cmr/m/n/10.95 Ism^^Setelj^^?uk min-den is-mert kimenetelre ($\OML/cmm/m/
it/10.95 c[]$\OT1/cmr/m/n/10.95 ): vegy^^?uk az adott kimenetelt bi-zonyoss^^Sa
gi egyen^^Sert^^Sekk^^Sent
 []



[26]
Overfull \hbox (21.35643pt too wide) in paragraph at lines 1182--1183
[]\OT1/cmr/bx/n/10.95 A d^^?ont^^Seshoz^^Soval t^^?ort^^Sent egyeztet^^Ses, dia
l^^Sogus sor^^San keletkez}o v^^Salaszok fogj^^Sak meghat^^Sarozni
 []

Package epstopdf Info: Source file: <utilmake.eps>
(epstopdf)                    date: 2021-11-26 07:28:44
(epstopdf)                    size: 43534 bytes
(epstopdf)             Output file: <utilmake-eps-converted-to.pdf>
(epstopdf)                    date: 2021-11-26 07:28:44
(epstopdf)                    size: 18044 bytes
(epstopdf)             Command: <repstopdf --outfile=utilmake-eps-converted-to.
pdf utilmake.eps>
(epstopdf)             \includegraphics on input line 1186.
Package epstopdf Info: Output file is already uptodate.
<utilmake-eps-converted-to.pdf, id=120, 394.47375pt x 320.19624pt>
File: utilmake-eps-converted-to.pdf Graphic file (type pdf)
<use utilmake-eps-converted-to.pdf>
Package pdftex.def Info: utilmake-eps-converted-to.pdf  used on input line 1186
.
(pdftex.def)             Requested size: 276.12973pt x 224.13583pt.


[27 <./utilmake-eps-converted-to.pdf>]
Package epstopdf Info: Source file: <kockazat.eps>
(epstopdf)                    date: 2021-11-26 07:28:44
(epstopdf)                    size: 38532 bytes
(epstopdf)             Output file: <kockazat-eps-converted-to.pdf>
(epstopdf)                    date: 2021-11-26 07:28:44
(epstopdf)                    size: 18795 bytes
(epstopdf)             Command: <repstopdf --outfile=kockazat-eps-converted-to.
pdf kockazat.eps>
(epstopdf)             \includegraphics on input line 1272.
Package epstopdf Info: Output file is already uptodate.
<kockazat-eps-converted-to.pdf, id=127, 345.29pt x 270.00874pt>
File: kockazat-eps-converted-to.pdf Graphic file (type pdf)
<use kockazat-eps-converted-to.pdf>
Package pdftex.def Info: kockazat-eps-converted-to.pdf  used on input line 1272
.
(pdftex.def)             Requested size: 241.70134pt x 189.00482pt.


[28 <./kockazat-eps-converted-to.pdf>]
Overfull \hbox (10.11833pt too wide) in paragraph at lines 1285--1286
\OT1/cmr/m/n/10.95 T^^?obbt^^Senyez}os hasznoss^^Sag f^^?uggv^^Seny az ^^Sert^^
Sekel}o f^^?uggv^^Senyhez ha-sonl^^Soan a dekom-poz^^S^^Pci^^Sos alakok vizsg^^
Salat^^Sat
 []


Overfull \hbox (17.41377pt too wide) in paragraph at lines 1293--1294
 []\OT1/cmr/bx/n/12 Ert^^Sekf^^?uggetlens^^Seg[] \OT1/cmr/m/n/10.95 Legyen $\OM
L/cmm/m/it/10.95 T \OT1/cmr/m/n/10.95 = (\OML/cmm/m/it/10.95 X[]; :::; X[]\OT1/
cmr/m/n/10.95 )$ t^^Senyez}ohalmaz. $\OML/cmm/m/it/10.95 T$ \OT1/cmr/m/n/10.95 
t^^Senyez}or^^Seszhalmazai \OT1/cmr/m/it/10.95 ^^Sert^^Sek-f^^?uggetlenek
 []



[29]

[30]
Overfull \hbox (15.61588pt too wide) in paragraph at lines 1410--1411
[]\OT1/cmr/m/n/10.95 Az ^^?osszetev}o egy-di-menzi^^Sos ^^Sert^^Sekel}o f^^?ugg
v^^Senyek megkon-stru^^Sal^^Sasa, bi-zonyoss^^Sagi egyen^^Sert^^Sekes m^^Sodsze
r
 []



[31] (./gyakanyag.aux)
 ***********
LaTeX2e <2024-11-01> patch level 2
L3 programming layer <2025-01-18>
 ***********
 ) 
Here is how much of TeX's memory you used:
 5640 strings out of 474560
 92791 string characters out of 5750494
 515471 words of memory out of 5000000
 28602 multiletter control sequences out of 15000+600000
 572190 words of font info for 90 fonts, out of 8000000 for 9000
 350 hyphenation exceptions out of 8191
 57i,27n,65p,1200b,343s stack positions out of 10000i,1000n,20000p,200000b,200000s
</usr/share/texmf-dist/fonts/type1/public/amsfonts/cm/cmbx10.pfb></usr/share/
texmf-dist/fonts/type1/public/amsfonts/cm/cmbx12.pfb></usr/share/texmf-dist/fon
ts/type1/public/amsfonts/cm/cmex10.pfb></usr/share/texmf-dist/fonts/type1/publi
c/amsfonts/cm/cmmi10.pfb></usr/share/texmf-dist/fonts/type1/public/amsfonts/cm/
cmmi12.pfb></usr/share/texmf-dist/fonts/type1/public/amsfonts/cm/cmmi6.pfb></us
r/share/texmf-dist/fonts/type1/public/amsfonts/cm/cmmi8.pfb></usr/share/texmf-d
ist/fonts/type1/public/amsfonts/cm/cmr10.pfb></usr/share/texmf-dist/fonts/type1
/public/amsfonts/cm/cmr12.pfb></usr/share/texmf-dist/fonts/type1/public/amsfont
s/cm/cmr17.pfb></usr/share/texmf-dist/fonts/type1/public/amsfonts/cm/cmr6.pfb><
/usr/share/texmf-dist/fonts/type1/public/amsfonts/cm/cmr8.pfb></usr/share/texmf
-dist/fonts/type1/public/amsfonts/cm/cmsy10.pfb></usr/share/texmf-dist/fonts/ty
pe1/public/amsfonts/cm/cmsy6.pfb></usr/share/texmf-dist/fonts/type1/public/amsf
onts/cm/cmsy8.pfb></usr/share/texmf-dist/fonts/type1/public/amsfonts/cm/cmti10.
pfb></usr/share/texmf-dist/fonts/type1/public/amsfonts/cm/cmti12.pfb></usr/shar
e/texmf-dist/fonts/type1/public/amsfonts/latxfont/line10.pfb></usr/share/texmf-
dist/fonts/type1/public/amsfonts/symbols/msbm10.pfb></usr/share/texmf-dist/font
s/type1/public/cm-super/sfrm1095.pfb></usr/share/texmf-dist/fonts/type1/public/
cm-super/sfrm1200.pfb>
Output written on gyakanyag.pdf (31 pages, 622796 bytes).
PDF statistics:
 233 PDF objects out of 1000 (max. 8388607)
 144 compressed objects within 2 object streams
 0 named destinations out of 1000 (max. 500000)
 31 words of extra memory for PDF output out of 10000 (max. 10000000)

